<!doctype html>
<html lang="en">
<head>
    <meta charset="UTF-8">
    <title>Document</title>
    <script src="foo/bar.js"></script>
</head>
<body>
    <h1>My site header</h1>
    <p>Hello World!</p>
</body>
</html>